[
  [
    "Course<川崎 dart 2100m 左>",
    [
      203,
      655
    ]
  ]
]