[
  [
    "Course<京都 dart 1800m 右 +1,000人>",
    [
      203,
      595
    ]
  ],
  [
    "Course<東京 turf 1600m 左 +1,000人>",
    [
      203,
      710
    ]
  ]
]