[
  [
    "Course<川崎 dart 2100m 左 +3,500人>",
    [
      406,
      1200
    ]
  ],
  [
    "Course<阪神 turf 2000m 右·内 +4,100人>",
    [
      406,
      1430
    ]
  ]
]