[
  [
    "Course<盛岡 dart 1600m 左 +6,000人>",
    [
      203,
      715
    ]
  ],
  [
    "Course<京都 turf 2400m 右·外 +6,700人>",
    [
      203,
      600
    ]
  ]
]