[
  [
    "Course<中山 turf 2200m 右·外>",
    [
      203,
      586
    ]
  ]
]