[
  [
    "Course<京都 turf 1800m 右·外 +1,700人>",
    [
      203,
      646
    ]
  ]
]