[
  [
    "Course<船橋 dart 1600m 左 +8,000人>",
    [
      203,
      715
    ]
  ],
  [
    "Course<東京 turf 1600m 左 +10,500人>",
    [
      203,
      600
    ]
  ]
]