[
  [
    "Course<川崎 dart 2100m 左 +8,000人>",
    [
      203,
      641
    ]
  ]
]