[
  [
    "Course<阪神 turf 1200m 右·内>",
    [
      203,
      586
    ]
  ],
  [
    "Course<阪神 turf 1600m 右·外>",
    [
      203,
      701
    ]
  ]
]