[
  [
    "Course<東京 turf 1600m 左>",
    [
      406,
      1172
    ]
  ]
]