[
  [
    "Course<新潟 dart 1200m 左>",
    [
      203,
      600
    ]
  ],
  [
    "Course<新潟 turf 1800m 左·外>",
    [
      203,
      715
    ]
  ]
]