[
  [
    "Course<東京 turf 1600m 左 +2,900人>",
    [
      203,
      586
    ]
  ],
  [
    "Course<東京 turf 1800m 左 +1,700人>",
    [
      203,
      701
    ]
  ]
]