[
  [
    "Course<東京 dart 1300m 左>",
    [
      203,
      600
    ]
  ]
]