[
  [
    "Course<阪神 turf 3200m 右·外→内 +15,000人>",
    [
      203,
      586
    ]
  ]
]