[
  [
    "Course<京都 dart 1400m 右>",
    [
      203,
      700
    ]
  ],
  [
    "Course<京都 turf 1800m 右·外>",
    [
      203,
      585
    ]
  ]
]